StrictPopulateError: Cannot populate path `userId` because it is not in your schema. Set the `strictPopulate` option to false to override.
    at getModelsMapForPopulate (D:\komal\Artistry\artistry\node_modules\mongoose\lib\helpers\populate\getModelsMapForPopulate.js:51:12)
    at _populatePath (D:\komal\Artistry\artistry\node_modules\mongoose\lib\model.js:4308:21)
    at model.populate (D:\komal\Artistry\artistry\node_modules\mongoose\lib\model.js:4275:21)
    at model.Query._find (D:\komal\Artistry\artistry\node_modules\mongoose\lib\query.js:2458:20)
    at process.processTicksAndRejections (node:internal/process/task_queues:103:5)
    at async model.Query.exec (D:\komal\Artistry\artistry\node_modules\mongoose\lib\query.js:4652:63)
    at async Promise.all (index 3)
    at async GET (D:\komal\Artistry\artistry\.next\dev\server\chunks\[root-of-the-server]__a2a13aa8._.js:780:94)
    at async AppRouteRouteModule.do (D:\komal\Artistry\artistry\node_modules\next\dist\compiled\next-server\app-route-turbo.runtime.dev.js:5:37866)
    at async AppRouteRouteModule.handle (D:\komal\Artistry\artistry\node_modules\next\dist\compiled\next-server\app-route-turbo.runtime.dev.js:5:45156)
    at async responseGenerator (D:\komal\Artistry\artistry\.next\dev\server\chunks\[root-of-the-server]__047a1535._.js:16738:38)
    at async AppRouteRouteModule.handleResponse (D:\komal\Artistry\artistry\node_modules\next\dist\compiled\next-server\app-route-turbo.runtime.dev.js:1:187713)
    at async handleResponse (D:\komal\Artistry\artistry\.next\dev\server\chunks\[root-of-the-server]__047a1535._.js:16801:32)
    at async Module.handler (D:\komal\Artistry\artistry\.next\dev\server\chunks\[root-of-the-server]__047a1535._.js:16854:13)
    at async DevServer.renderToResponseWithComponentsImpl (D:\komal\Artistry\artistry\node_modules\next\dist\server\base-server.js:1422:9)
    at async DevServer.renderPageComponent (D:\komal\Artistry\artistry\node_modules\next\dist\server\base-server.js:1474:24)
    at async DevServer.renderToResponseImpl (D:\komal\Artistry\artistry\node_modules\next\dist\server\base-server.js:1524:32)
    at async DevServer.pipeImpl (D:\komal\Artistry\artistry\node_modules\next\dist\server\base-server.js:1018:25)
    at async NextNodeServer.handleCatchallRenderRequest (D:\komal\Artistry\artistry\node_modules\next\dist\server\next-server.js:395:17)
    at async DevServer.handleRequestImpl (D:\komal\Artistry\artistry\node_modules\next\dist\server\base-server.js:909:17)
    at async D:\komal\Artistry\artistry\node_modules\next\dist\server\dev\next-dev-server.js:387:20
    at async Span.traceAsyncFn (D:\komal\Artistry\artistry\node_modules\next\dist\trace\trace.js:157:20)
    at async DevServer.handleRequest (D:\komal\Artistry\artistry\node_modules\next\dist\server\dev\next-dev-server.js:383:24)
    at async invokeRender (D:\komal\Artistry\artistry\node_modules\next\dist\server\lib\router-server.js:248:21)
    at async handleRequest (D:\komal\Artistry\artistry\node_modules\next\dist\server\lib\router-server.js:447:24)
    at async requestHandlerImpl (D:\komal\Artistry\artistry\node_modules\next\dist\server\lib\router-server.js:496:13)
    at async Server.requestListener (D:\komal\Artistry\artistry\node_modules\next\dist\server\lib\start-server.js:226:13)